Incoming Relationships For: CustomPerson:
  FromEntity: local:/CustomPerson.cdm.json/CustomPerson
  FromEntityAttribute: EntityAttributeCustomerId
  ToEntity: local:/CustomAccount.cdm.json/CustomAccount
  ToEntityAttribute: CustomAccountId
  ExhibitsTraits:
      means.backward
            [Parameter (Name / DefaultValue): test / ]
  [Argument Value: Description for the backward direction in the relationship.]

      means.forward
            [Parameter (Name / DefaultValue): test / ]
  [Argument Value: Description for the forward direction in the relationship.]



  FromEntity: local:/CustomPerson.cdm.json/CustomPerson
  FromEntityAttribute: EntityAttributeCustomerId
  ToEntity: local:/CustomContact.cdm.json/CustomContact
  ToEntityAttribute: CustomContactId
  ExhibitsTraits:
      means.backward
            [Parameter (Name / DefaultValue): test / ]
  [Argument Value: Description for the backward direction in the relationship.]

      means.forward
            [Parameter (Name / DefaultValue): test / ]
  [Argument Value: Description for the forward direction in the relationship.]



