Incoming Relationships For: Sales:
  FromEntity: local:/Sales.cdm.json/Sales
  FromEntityAttribute: SaleEAKeyFKId1
  ToEntity: local:/Product.cdm.json/Product
  ToEntityAttribute: ProductId1
  ExhibitsTraits:
      means.backward
            [Parameter (Name / DefaultValue): test / ]
  [Argument Value: Description for the backward direction in the relationship.]

      means.forward
            [Parameter (Name / DefaultValue): test / ]
  [Argument Value: Description for the forward direction in the relationship.]



