{
  "manifestName": "default.manifest.cdm.json",
  "entities": [
    {
      "type": "LocalEntity",
      "entityName": "EpisodeOfCare",
      "entityPath": "local:/EpisodeOfCare.cdm.json/EpisodeOfCare",
      "dataPartitions": [
        {
          "location": "local:/EpisodeOfCare/partition-data.csv",
          "exhibitsTraits": [
            {
              "traitReference": "is.partition.format.CSV",
              "arguments": [
                {
                  "name": "columnHeaders",
                  "value": "true"
                },
                {
                  "name": "delimiter",
                  "value": ","
                }
              ]
            }
          ],
          "lastFileStatusCheckTime": "2019-05-20T23:36:00.000Z",
          "lastFileModifiedTime": "2019-05-21T23:36:00.000Z"
        }
      ],
      "lastFileStatusCheckTime": "2019-05-17T23:36:00.000Z",
      "lastFileModifiedTime": "2019-05-18T23:36:00.000Z",
      "lastChildFileModifiedTime": "2019-05-19T23:36:00.000Z"
    }
  ],
  "lastFileStatusCheckTime": "2019-05-14T23:36:00.000Z",
  "jsonSchemaSemanticVersion": "1.1.0",
  "imports": [
    {
      "corpusPath": "cdm:/foundations.cdm.json"
    }
  ]
}