{
  "manifestName": "specialized",
  "entities": [
    {
      "type": "LocalEntity",
      "entityName": "Acct",
      "entityPath": "local:/specialized/Acct.cdm.json/Acct"
    },
    {
      "type": "LocalEntity",
      "entityName": "Email",
      "entityPath": "local:/specialized/Email.cdm.json/Email"
    },
    {
      "type": "LocalEntity",
      "entityName": "Gold",
      "entityPath": "local:/specialized/Gold.cdm.json/Gold"
    }
  ],
  "relationships": [
    {
      "fromEntity": "local:/specialized/Email.cdm.json/Email",
      "fromEntityAttribute": "sendToAcctId",
      "toEntity": "local:/specialized/Acct.cdm.json/Acct",
      "toEntityAttribute": "acctId",
      "exhibitsTraits": [
        "lead.trait",
        "acct.trait"
      ]
    }
  ],
  "jsonSchemaSemanticVersion": "1.1.0",
  "$schema": "CdmFolder.cdm.json",
  "imports": [
    {
      "corpusPath": "local:/Lead.cdm.json"
    },
    {
      "corpusPath": "cdm:/primitives.cdm.json"
    }
  ]
}